// Jest Snapshot v1, https://goo.gl/fbAQLP

exports[`sample test 1`] = `3`;
